14:43:07 **** Incremental Build of configuration Debug for project Blinky_Led ****
make -j8 all 
arm-none-eabi-gcc "../Core/Src/main.c" -mcpu=cortex-m4 -std=gnu11 -g3 -DDEBUG -DUSE_HAL_DRIVER -DSTM32F401xE -c -I../Core/Inc -I../Drivers/STM32F4xx_HAL_Driver/Inc -I../Drivers/STM32F4xx_HAL_Driver/Inc/Legacy -I../Drivers/CMSIS/Device/ST/STM32F4xx/Include -I../Drivers/CMSIS/Include -O0 -ffunction-sections -fdata-sections -Wall -fstack-usage -fcyclomatic-complexity -MMD -MP -MF"Core/Src/main.d" -MT"Core/Src/main.o" --specs=nano.specs -mfpu=fpv4-sp-d16 -mfloat-abi=hard -mthumb -o "Core/Src/main.o"
arm-none-eabi-gcc -o "Blinky_Led.elf" @"objects.list"   -mcpu=cortex-m4 -T"C:\Users\maxvega\Documents\Micros y Control\2025\myc_2025\clase_20250429\Blinky_Led\STM32F401RETX_FLASH.ld" --specs=nosys.specs -Wl,-Map="Blinky_Led.map" -Wl,--gc-sections -static --specs=nano.specs -mfpu=fpv4-sp-d16 -mfloat-abi=hard -mthumb -Wl,--start-group -lc -lm -Wl,--end-group
Finished building target: Blinky_Led.elf
 
arm-none-eabi-size  Blinky_Led.elf 
arm-none-eabi-objdump -h -S Blinky_Led.elf  > "Blinky_Led.list"
   text	   data	    bss	    dec	    hex	filename
   5660	     20	   1572	   7252	   1c54	Blinky_Led.elf
Finished building: default.size.stdout
 
Finished building: Blinky_Led.list
 

14:43:08 Build Finished. 0 errors, 0 warnings. (took 965ms)

