18:42:05 **** Incremental Build of configuration Debug for project Blinky_Delay ****
make -j8 all 
arm-none-eabi-gcc "../Core/Src/main.c" -mcpu=cortex-m4 -std=gnu11 -g3 -DDEBUG -DUSE_HAL_DRIVER -DSTM32F401xE -c -I../Core/Inc -I../Drivers/CMSIS/Device/ST/STM32F4xx/Include -I../Drivers/CMSIS/Include -I../Drivers/STM32F4xx_HAL_Driver/Inc -O0 -ffunction-sections -fdata-sections -Wall -fstack-usage -fcyclomatic-complexity -MMD -MP -MF"Core/Src/main.d" -MT"Core/Src/main.o" --specs=nano.specs -mfpu=fpv4-sp-d16 -mfloat-abi=hard -mthumb -o "Core/Src/main.o"
arm-none-eabi-gcc -o "Blinky_Delay.elf" @"objects.list"   -mcpu=cortex-m4 -T"C:\Users\maxvega\Documents\Micros y Control\2025\myc_2025\TPN2\LL\Blinky_Delay\STM32F401RETX_FLASH.ld" --specs=nosys.specs -Wl,-Map="Blinky_Delay.map" -Wl,--gc-sections -static --specs=nano.specs -mfpu=fpv4-sp-d16 -mfloat-abi=hard -mthumb -Wl,--start-group -lc -lm -Wl,--end-group
Finished building target: Blinky_Delay.elf
 
arm-none-eabi-size  Blinky_Delay.elf 
arm-none-eabi-objdump -h -S Blinky_Delay.elf  > "Blinky_Delay.list"
   text	   data	    bss	    dec	    hex	filename
   1392	     12	   1564	   2968	    b98	Blinky_Delay.elf
Finished building: default.size.stdout
 
Finished building: Blinky_Delay.list
 

18:42:06 Build Finished. 0 errors, 0 warnings. (took 554ms)

